// Vitest Snapshot v1, https://vitest.dev/guide/snapshot.html

exports[`Composition > renders unchanged 1`] = `
<DocumentFragment>
  .emotion-0 {
  color: skyblue;
  font-size: 40px;
  font-weight: bold;
}

<p
    class="emotion-0"
  >
    Composition
  </p>
</DocumentFragment>
`;
