// Vitest Snapshot v1, https://vitest.dev/guide/snapshot.html

exports[`Styled > renders unchanged 1`] = `
<DocumentFragment>
  .🐻-1582507431 {
  color: red;
  font-size: 40px;
}

  <p
    class="🐻-1582507431"
  >
    Styled
  </p>
</DocumentFragment>
`;
